# G10 Clean-Build & Dependency Resolution Proof
# Generated: 2026-10-06T10:56:08Z
# Environment: /home/mohamed/frappe-bench/env (Python 3.14.5)

## 1. Baseline installed versions (before remediation)
bleach==6.3.0
cryptography==46.0.7
oauthlib==3.3.1
pdfkit==1.0.0
pillow==12.2.0
PyJWT==2.12.1
pyOpenSSL==26.0.0
pypdf==6.10.2
sqlparse==0.5.5
weasyprint==68.0

## 2. Baseline 'pip check' (pre-existing environment state)
frappe 16.18.1 has requirement filelock~=3.20.1, but you have filelock 3.29.0.
frappe 16.18.1 has requirement requests~=2.33.0, but you have requests 2.34.1.

## 3. Coordinated target-set resolution (isolated, --ignore-installed)
# Command: pip install --dry-run --ignore-installed --report <json> -r <target-requirements>
Would install cffi-2.1.1 cryptography-50.0.2 pillow-12.3.0 pyOpenSSL-26.4.0 pycparser-3.0 sql_metadata-3.0.1 sqlglot-30.21.0 sqlparse-0.6.0

## 4. Resolver report (resolved distributions)
  cffi==2.1.1
  cryptography==50.0.2
  pillow==12.3.0
  pycparser==3.0
  pyopenssl==26.4.0
  sql_metadata==3.0.1
  sqlglot==30.21.0
  sqlparse==0.6.0
  total resolved distributions: 8
  interpreter: cpython None

## 5. Disposition
Coordinated target set resolves without conflict: cryptography 50.x, pyOpenSSL 26.4.x,
Pillow 12.3.x, sqlparse 0.6.x, sql_metadata 3.0.x. The two baseline 'pip check' conflicts
(filelock, requests) pre-date this work item and do not involve G10 packages.
