ROW_OK Cost Center 'Elrefae - E' value=42c4b22c1c2c69fc norm=42c4b22c1c2c69fc identity=unchanged
ROW_OK Cost Center 'Main - E' value=9fa5525c694ee6b4 norm=9fa5525c694ee6b4 identity=unchanged
ROW_OK Cost Center 'Stage 8 Pilot - E' value=308a78079f92c0cc norm=308a78079f92c0cc identity=unchanged
ROW_OK Warehouse 'All Warehouses - E' value=1af75b65142758e0 norm=1af75b65142758e0 identity=unchanged
ROW_OK Warehouse 'Finished Goods - E' value=3bd7d5a030663e5d norm=3bd7d5a030663e5d identity=unchanged
ROW_OK Warehouse 'Goods In Transit - E' value=b62dc2c85cdbe809 norm=b62dc2c85cdbe809 identity=unchanged
ROW_OK Warehouse 'Stores - E' value=548ab48f91b14460 norm=548ab48f91b14460 identity=unchanged
ROW_OK Warehouse 'Work In Progress - E' value=ce850ccc808200a5 norm=55be6e70ad2a919d identity=unchanged
ROW_OK Project 'PROJ-0001' value=d48ee82f6ac92a63 norm=d48ee82f6ac92a63 identity=unchanged
ROW_OK Project 'PROJ-0002' value=edb543270c95b0d9 norm=edb543270c95b0d9 identity=unchanged
ROW_OK Project 'PROJ-0003' value=2ec1737c10f31c5c norm=2ec1737c10f31c5c identity=unchanged
ROW_OK Project 'PROJ-0008' value=4db331e498dddeeb norm=94d28c9fa6fcbe77 identity=unchanged
ROW_OK Project 'PROJ-0009' value=fbc6d67c9f26b681 norm=fbc6d67c9f26b681 identity=unchanged
COMPLETENESS Cost Center in_scope_populated=3/3 site_arabic_total=3
COMPLETENESS Warehouse in_scope_populated=5/5 site_arabic_total=6
COMPLETENESS Project in_scope_populated=5/5 site_arabic_total=5
NORM_KEY_SEARCH resolved=13/13
EXCEPTIONS_OK Cost Center: all non-in-scope rows empty (fixture pre-existing value intact)
PREEXISTING_FIXTURE_VALUE_UNCHANGED Warehouse 'CT-TEST-P2-WH-01 - TQC'
EXCEPTIONS_OK Warehouse: all non-in-scope rows empty (fixture pre-existing value intact)
EXCEPTIONS_OK Project: all non-in-scope rows empty (fixture pre-existing value intact)
COUNTS_OK cost_centers=47 warehouses=118 projects=11 accounts_arabic=81 company_ar=empty
SUMMARY in_scope=13 populated=13 norm_consistent=13 identity_unchanged=13 exceptions=0 fixture_value_intact=1
ROLLBACK_REF dry-run.json (before-values: all empty) sha256=b158ca44e01ca44e6ad77a9b611765ba4e82538aa9333498a1608f23196e7e29
VERIFICATION RESULT: PASS
