ADR: docs/ai/work-items/bilingual-performance-sla.md
§4 rows parsed: 19
artefacts indexed: 94

  OK       Account: 1.322/1.482/1.121 == 1.322/1.482/1.1210
  OK       Asset Category: 0.451/0.626/1.388 == 0.451/0.626/1.3880
  OK       BOQ Header: 0.851/0.644/0.7568 == 0.851/0.644/0.7568
  OK       BOQ Structure: 0.985/0.757/0.7685 == 0.985/0.757/0.7685
  OK       Cost Center: 0.558/0.811/1.4534 == 0.558/0.811/1.4534
  OK       Customer: 0.487/0.686/1.4086 == 0.487/0.686/1.4086
  OK       Customer Group: 0.444/0.617/1.3896 == 0.444/0.617/1.3896
  OK       Department: 0.654/0.816/1.2477 == 0.654/0.816/1.2477
  OK       Employee: 0.569/0.808/1.42 == 0.569/0.808/1.4200
  OK       Item: 0.767/1.114/1.4524 == 0.767/1.114/1.4524
  OK       Item Group: 0.44/0.645/1.4659 == 0.44/0.645/1.4659
  OK       Payment Terms Template: 0.472/0.655/1.3877 == 0.472/0.655/1.3877
  OK       Project: 0.544/0.73/1.3419 == 0.544/0.73/1.3419
  OK       Supplier: 0.48/0.675/1.4063 == 0.48/0.675/1.4063
  OK       Supplier Group: 0.438/0.62/1.4155 == 0.438/0.62/1.4155
  OK       Task: 0.466/0.654/1.4034 == 0.466/0.654/1.4034
  OK       Territory: 0.445/0.622/1.3978 == 0.445/0.622/1.3978
  OK       UOM: 0.96/1.416/1.475 == 0.96/1.416/1.4750
  OK       Warehouse: 0.595/0.779/1.3092 == 0.595/0.779/1.3092

reconciled: 19/19
mismatched: 0
unsourced : 0
RESULT: PASS - every §4 row matches the evidence artefact it cites
