REGISTRY_LOAD_ERRORS: []
COVERAGE: {"entries": 23, "covers_vendor_actual_fields": 13, "covers_vendor_candidate_fields": 13, "translated_doctypes": ["Customer Group", "Item Group", "Supplier Group", "Territory", "UOM"]}
OK  Account                  vendor=['account_number', 'name'] registry=['account_name', 'account_name_ar', 'account_number'] missing_candidate=[]
OK  Asset                    vendor=['asset_name', 'name'] registry=['asset_name', 'asset_name_ar'] missing_candidate=[]
OK  Asset Category           vendor=['name'] registry=['asset_category_name', 'asset_category_name_ar'] missing_candidate=[]
GAP BOQ Header               vendor=['name', 'project_name', 'title'] registry=['title', 'title_ar'] missing_candidate=['project_name']
GAP BOQ Structure            vendor=['boq_header', 'name', 'parent_structure', 'title'] registry=['title', 'title_ar', 'wbs_code'] missing_candidate=['boq_header', 'is_group', 'parent_structure']
OK  Brand                    vendor=['name'] registry=['brand', 'brand_ar'] missing_candidate=[]
OK  Company                  vendor=['name'] registry=['company_name', 'company_name_ar'] missing_candidate=[]
GAP Cost Center              vendor=['name', 'parent_cost_center'] registry=['cost_center_name', 'cost_center_name_ar', 'cost_center_number'] missing_candidate=['is_group', 'parent_cost_center']
GAP Customer                 vendor=['customer_group', 'customer_name', 'mobile_no', 'name', 'primary_address', 'territory'] registry=['customer_name', 'customer_name_in_arabic'] missing_candidate=['customer_group', 'mobile_no', 'primary_address', 'territory']
GAP Customer Group           vendor=['name', 'parent_customer_group'] registry=['customer_group_name', 'customer_group_name_ar'] missing_candidate=['parent_customer_group']
OK  Department               vendor=['name'] registry=['department_name', 'department_name_ar'] missing_candidate=[]
OK  Employee                 vendor=['employee_name', 'name'] registry=['employee_name', 'employee_name_ar'] missing_candidate=[]
GAP Item                     vendor=['customer_code', 'description', 'item_group', 'item_name', 'name'] registry=['item_code', 'item_name', 'item_name_ar'] missing_candidate=['customer_code', 'description', 'item_group']
GAP Item Group               vendor=['name', 'parent_item_group'] registry=['item_group_name', 'item_group_name_ar'] missing_candidate=['parent_item_group']
OK  Payment Terms Template   vendor=['name'] registry=['template_name', 'template_name_ar'] missing_candidate=[]
GAP Project                  vendor=['customer', 'is_active', 'name', 'priority', 'project_name', 'status'] registry=['project_name', 'project_name_ar'] missing_candidate=['customer', 'is_active', 'priority', 'status']
GAP Supplier                 vendor=['name', 'supplier_group', 'supplier_name'] registry=['supplier_name', 'supplier_name_in_arabic'] missing_candidate=['supplier_group']
OK  Supplier Group           vendor=['name'] registry=['supplier_group_name', 'supplier_group_name_ar'] missing_candidate=[]
OK  Task                     vendor=['name', 'subject'] registry=['subject', 'subject_ar'] missing_candidate=[]
OK  Terms and Conditions     vendor=['name'] registry=['title', 'title_ar'] missing_candidate=[]
GAP Territory                vendor=['name', 'parent_territory', 'territory_manager'] registry=['territory_name', 'territory_name_ar'] missing_candidate=['parent_territory', 'territory_manager']
OK  UOM                      vendor=['name'] registry=['common_code', 'uom_name', 'uom_name_ar'] missing_candidate=[]
OK  Warehouse                vendor=['name'] registry=['warehouse_name', 'warehouse_name_ar'] missing_candidate=[]
