=== GUARD MODULE OBSERVATION ===
Captured: observation of construction.tests.test_bilingual_service
Reason: this module is NOT part of the canonical 133-test regression matrix.
Purpose: recorded so its single failure (SCOPE §3 item 7) is visible, not hidden.

--- git status of this work item ---
 M docs/ai/work-items/bilingual-performance-sla.md
?? docs/ai/work-items/bilingual-adr-evidence-correction/

--- diff of registry and guard test vs base commit a7086ef (expect empty) ---
(empty = 0 modified lines: the failure cannot originate in this work item)

--- committed registry state for Item at a7086ef vs the assertion ---
committed Item state : active
34:        self.assertEqual(data["doctypes"]["Item"]["state"], "schema_installed")

--- test run ---
Starting test run with parameters: site=v16.localhost, app=construction, module=construction.tests.test_bilingual_service, verbose=False, tests=(), force=False, profile=False, failfast=False, skip_before_tests=False, debug=False, selected_categories=[]
View detailed logs (using --verbose): /home/mohamed/frappe-bench/logs/frappe.testing.log

Running 38 unspecified-category tests for construction

construction.tests.test_bilingual_service.TestArabicNormalization
   [32m ✔ [0m test_alef_variants_unify
   [32m ✔ [0m test_empty_and_none
   [32m ✔ [0m test_normalized_query_matches_stored_form
   [32m ✔ [0m test_tatweel_and_diacritics_stripped

construction.tests.test_bilingual_service.TestCompleteness
   [32m ✔ [0m test_code_included_when_required
   [32m ✔ [0m test_complete
   [32m ✔ [0m test_missing_arabic

construction.tests.test_bilingual_service.TestDisplayLabel
   [32m ✔ [0m test_arabic_session_falls_back_to_english
   [32m ✔ [0m test_arabic_session_falls_back_to_identity
   [32m ✔ [0m test_arabic_session_prefers_arabic
   [32m ✔ [0m test_english_session_prefers_english_then_arabic
   [32m ✔ [0m test_whitespace_only_values_skipped

construction.tests.test_bilingual_service.TestFallbackChains
   [32m ✔ [0m test_arabic_chain
   [32m ✔ [0m test_english_chain_is_reverse
   [32m ✔ [0m test_unknown_language_defaults_to_english_chain

construction.tests.test_bilingual_service.TestRegistryLoadAndValidate
   [32m ✔ [0m test_absent_registry_fails_closed
   [32m ✔ [0m test_bad_fallback_chain_rejected
   [32m ✔ [0m test_bad_state_rejected
   [32m ✔ [0m test_identity_policy_documented_in_registry
   [32m ✔ [0m test_missing_fields_rejected
   [31m ✖ [0m test_real_registry_loads_clean
   [32m ✔ [0m test_registry_sha256_is_stable
   [32m ✔ [0m test_unknown_direction_mark_rejected
   [32m ✔ [0m test_unparseable_registry_fails_closed

construction.tests.test_bilingual_service.TestRelevanceRank
   [32m ✔ [0m test_best_of_multiple_strings
   [32m ✔ [0m test_case_insensitive_and_whitespace_insensitive
   [32m ✔ [0m test_empty_query_ranks_last
   [32m ✔ [0m test_exact_beats_prefix_beats_substring

construction.tests.test_bilingual_service.TestUnicodePolicy
   [32m ✔ [0m test_all_bidi_controls_rejected_in_identity
   [32m ✔ [0m test_c0_controls_rejected
   [32m ✔ [0m test_c1_controls_rejected
   [32m ✔ [0m test_identity_policy_stricter_than_narrative
   [32m ✔ [0m test_narrative_allows_documented_direction_marks
   [32m ✔ [0m test_narrative_rejects_embeddings_overrides_isolates
   [32m ✔ [0m test_narrative_rejects_nul_and_controls
   [32m ✔ [0m test_none_and_non_str_rejected
   [32m ✔ [0m test_nul_rejected
   [32m ✔ [0m test_plain_arabic_allowed


======================================================================
 FAIL  test_real_registry_loads_clean (construction.tests.test_bilingual_service.TestRegistryLoadAndValidate.test_real_registry_loads_clean)
----------------------------------------------------------------------
Traceback (most recent call last):
  File "/home/mohamed/frappe-bench/apps/construction/construction/tests/test_bilingual_service.py", line 34, in test_real_registry_loads_clean
    self.assertEqual(data["doctypes"]["Item"]["state"], "schema_installed")
    ~~~~~~~~~~~~~~~~^^^^^^^^^^^^^^^^^^^^^^^^^^^^^^^^^^^^^^^^^^^^^^^^^^^^^^^
    data = {'schema': 'construction-bilingual-registry/v1', 'recorded_utc': '2026-09-21T00:00:00Z', 'notes': 'Staged registry. States: planned (field may be absent — Arabic field/adapter/UAT pending; identity_section and tree stay disabled until each DocType clears UAT; Project does not inherit Account-style tree behavior), schema_installed (field exists, values not populated), active (display/search enabled). A missing later-wave field must not prevent app startup. Physical-field adapters resolve the arabic_field against live metadata; unresolved fields degrade silently.', 'display': {'ar_fallback': ['arabic', 'english', 'identity'], 'en_fallback': ['english', 'arabic', 'identity']}, 'unicode_policy': {'identity_rejected': ['C0', 'C1', 'DEL', 'BIDI_EMBEDDING_OVERRIDE_ISOLATE_U+202A-U+202E_U+2066-U+2069', 'LRM_U+200E', 'RLM_U+200F', 'ALM_U+061C'], 'narrative_rejected': ['C0', 'DEL', 'BIDI_EMBEDDING_OVERRIDE_ISOLATE_U+202A-U+202E_U+2066-U+2069'], 'narrative_allowed_direction_marks': [{'name': 'LRM', 'escape': '\\u200e', 'codepoint': 'U+200E'}, {'name': 'RLM', 'escape': '\\u200f', 'codepoint': 'U+200F'}, {'name': 'ALM', 'escape': '\\u061c', 'codepoint': 'U+061C'}], 'canonical_reference': 'C1: bidi controls (U+202A-U+202E, U+2066-U+2069, U+200E, U+200F, U+061C) are forbidden in stored Arabic values. Section 8.6 of the handoff permits legitimate direction marks only in unrestricted narrative fields (documented here); embeddings/overrides/isolates are forbidden everywhere.', 'rationale': 'Identity/name fields (stored Arabic values) reject every bidi control. Narrative fields (rename reasons) reject NUL/C0/DEL/C1 and the embedding/override/isolate controls, while allowing the documented direction marks.'}, 'governance': {'reference': 'Plan §3.2 (ERP_ARABIC_AND_BILINGUAL_DATA_END_TO_END_PLAN.md)', 'adr': 'docs/translation/BILINGUAL_GOVERNANCE_PRINT_IMPORT_PERMISSION.md', 'status_summary': {'display': 'verified', 'search': 'verified_bounded_sla', 'permission': 'verified_confined', 'rename': 'verified_tested', 'import': 'verified_tested', 'print': 'unverified_out_of_band'}}, 'doctypes': {'Account': {'state': 'active', 'english_field': 'account_name', 'arabic_field': 'account_name_ar', 'code_field': 'account_number', 'identity_field': 'name', 'search': {'enabled': True, 'fields': ['account_number', 'account_name', 'account_name_ar']}, 'form': {'identity_section': True}, 'tree': {'enabled': True}, 'norm_field': 'account_name_ar_norm'}, 'Item': {'state': 'active', 'english_field': 'item_name', 'arabic_field': 'item_name_ar', 'code_field': 'item_code', 'identity_field': 'name', 'search': {'enabled': True, 'fields': ['item_code', 'item_name', 'item_name_ar']}, 'form': {'identity_section': False}, 'tree': {'enabled': False}, 'norm_field': 'item_name_ar_norm'}, 'Customer': {'state': 'active', 'english_field': 'customer_name', 'arabic_field': 'customer_name_in_arabic', 'code_field': None, 'identity_field': 'name', 'search': {'enabled': True, 'fields': ['customer_name', 'customer_name_in_arabic']}, 'form': {'identity_section': False}, 'tree': {'enabled': False}, 'norm_field': 'customer_name_in_arabic_norm'}, 'Supplier': {'state': 'active', 'english_field': 'supplier_name', 'arabic_field': 'supplier_name_in_arabic', 'code_field': None, 'identity_field': 'name', 'search': {'enabled': True, 'fields': ['supplier_name', 'supplier_name_in_arabic']}, 'form': {'identity_section': False}, 'tree': {'enabled': False}, 'norm_field': 'supplier_name_in_arabic_norm'}, 'Cost Center': {'state': 'active', 'english_field': 'cost_center_name', 'arabic_field': 'cost_center_name_ar', 'code_field': 'cost_center_number', 'identity_field': 'name', 'search': {'enabled': True, 'fields': ['cost_center_number', 'cost_center_name', 'cost_center_name_ar']}, 'form': {'identity_section': False}, 'tree': {'enabled': True}, 'norm_field': 'cost_center_name_ar_norm'}, 'Warehouse': {'state': 'active', 'english_field': 'warehouse_name', 'arabic_field': 'warehouse_name_ar', 'code_field': None, 'identity_field': 'name', 'search': {'enabled': True, 'fields': ['warehouse_name', 'warehouse_name_ar']}, 'form': {'identity_section': False}, 'tree': {'enabled': True}, 'norm_field': 'warehouse_name_ar_norm'}, 'Project': {'state': 'active', 'english_field': 'project_name', 'arabic_field': 'project_name_ar', 'code_field': None, 'identity_field': 'name', 'search': {'enabled': True, 'fields': ['project_name', 'project_name_ar']}, 'form': {'identity_section': False}, 'tree': {'enabled': False}, 'norm_field': 'project_name_ar_norm'}, 'Item Group': {'state': 'active', 'english_field': 'item_group_name', 'arabic_field': 'item_group_name_ar', 'code_field': None, 'identity_field': 'name', 'search': {'enabled': True, 'fields': ['item_group_name', 'item_group_name_ar']}, 'form': {'identity_section': False}, 'tree': {'enabled': True}, 'norm_field': 'item_group_name_ar_norm'}, 'Customer Group': {'state': 'active', 'english_field': 'customer_group_name', 'arabic_field': 'customer_group_name_ar', 'code_field': None, 'identity_field': 'name', 'search': {'enabled': True, 'fields': ['customer_group_name', 'customer_group_name_ar']}, 'form': {'identity_section': False}, 'tree': {'enabled': True}, 'norm_field': 'customer_group_name_ar_norm'}, 'Supplier Group': {'state': 'active', 'english_field': 'supplier_group_name', 'arabic_field': 'supplier_group_name_ar', 'code_field': None, 'identity_field': 'name', 'search': {'enabled': True, 'fields': ['supplier_group_name', 'supplier_group_name_ar']}, 'form': {'identity_section': False}, 'tree': {'enabled': True}, 'norm_field': 'supplier_group_name_ar_norm'}, 'Territory': {'state': 'active', 'english_field': 'territory_name', 'arabic_field': 'territory_name_ar', 'code_field': None, 'identity_field': 'name', 'search': {'enabled': True, 'fields': ['territory_name', 'territory_name_ar']}, 'form': {'identity_section': False}, 'tree': {'enabled': True}, 'norm_field': 'territory_name_ar_norm'}, 'UOM': {'state': 'active', 'english_field': 'uom_name', 'arabic_field': 'uom_name_ar', 'code_field': 'common_code', 'identity_field': 'name', 'search': {'enabled': True, 'fields': ['common_code', 'uom_name', 'uom_name_ar']}, 'form': {'identity_section': False}, 'tree': {'enabled': False}, 'norm_field': 'uom_name_ar_norm'}, 'Employee': {'state': 'active', 'english_field': 'employee_name', 'arabic_field': 'employee_name_ar', 'code_field': None, 'identity_field': 'name', 'search': {'enabled': True, 'fields': ['employee_name', 'employee_name_ar']}, 'form': {'identity_section': False}, 'tree': {'enabled': True}, 'norm_field': 'employee_name_ar_norm'}, 'Department': {'state': 'active', 'english_field': 'department_name', 'arabic_field': 'department_name_ar', 'code_field': None, 'identity_field': 'name', 'search': {'enabled': True, 'fields': ['department_name', 'department_name_ar']}, 'form': {'identity_section': False}, 'tree': {'enabled': True}, 'norm_field': 'department_name_ar_norm'}, 'BOQ Structure': {'state': 'active', 'english_field': 'title', 'arabic_field': 'title_ar', 'code_field': 'wbs_code', 'identity_field': 'name', 'search': {'enabled': True, 'fields': ['wbs_code', 'title', 'title_ar']}, 'form': {'identity_section': False}, 'tree': {'enabled': True}, 'norm_field': 'title_ar_norm'}, 'BOQ Header': {'state': 'active', 'english_field': 'title', 'arabic_field': 'title_ar', 'code_field': None, 'identity_field': 'name', 'search': {'enabled': True, 'fields': ['title', 'title_ar']}, 'form': {'identity_section': False}, 'tree': {'enabled': False}, 'norm_field': 'title_ar_norm'}, 'Task': {'state': 'active', 'english_field': 'subject', 'arabic_field': 'subject_ar', 'code_field': None, 'identity_field': 'name', 'search': {'enabled': True, 'fields': ['subject', 'subject_ar']}, 'form': {'identity_section': False}, 'tree': {'enabled': True}, 'norm_field': 'subject_ar_norm'}, 'Asset Category': {'state': 'active', 'english_field': 'asset_category_name', 'arabic_field': 'asset_category_name_ar', 'code_field': None, 'identity_field': 'name', 'search': {'enabled': True, 'fields': ['asset_category_name', 'asset_category_name_ar']}, 'form': {'identity_section': False}, 'tree': {'enabled': False}, 'norm_field': 'asset_category_name_ar_norm'}, 'Payment Terms Template': {'state': 'active', 'english_field': 'template_name', 'arabic_field': 'template_name_ar', 'code_field': None, 'identity_field': 'name', 'search': {'enabled': True, 'fields': ['template_name', 'template_name_ar']}, 'form': {'identity_section': False}, 'tree': {'enabled': False}, 'norm_field': 'template_name_ar_norm'}}}
    errors = []
    self = <construction.tests.test_bilingual_service.TestRegistryLoadAndValidate testMethod=test_real_registry_loads_clean>
AssertionError: 'active' != 'schema_installed'
- active
+ schema_installed


----------------------------------------------------------------------
Ran 38 tests in 0.005s

FAILED (failures=1)

=== SUMMARY ===
assertion expects : schema_installed
committed registry : active
verdict            : PRE-EXISTING stale assertion, unrelated to this work item
37/38 passed; 1 failure = test_real_registry_loads_clean
