Starting test run with parameters: site=v16.localhost, module=construction.tests.test_stage7_bilingual_reports, verbose=False, tests=(), force=False, profile=False, failfast=False, skip_before_tests=False, debug=False, selected_categories=[]
View detailed logs (using --verbose): /home/mohamed/frappe-bench/logs/frappe.testing.log

Running 25 unspecified-category tests for construction

construction.tests.test_stage7_bilingual_reports.TestBilingualReportsAPI
   [32m ✔ [0m test_ar_mode_localizes_account_label
   [32m ✔ [0m test_both_mode_keeps_identity_prefix
   [32m ✔ [0m test_en_mode_untouched
   [32m ✔ [0m test_unknown_report_fails_closed

construction.tests.test_stage7_bilingual_reports.TestExpandedReportAllowlist
   [32m ✔ [0m test_cash_flow_period_defaults
   [32m ✔ [0m test_column_headers_localized_ar_en_both
   [32m ✔ [0m test_column_headers_pure_source_untouched
   [32m ✔ [0m test_expanded_execute_runs_exactly_once
   [32m ✔ [0m test_localize_column_label_unit
   [32m ✔ [0m test_mission_reports_in_allowlist
   [32m ✔ [0m test_report_path_makes_zero_db_writes
   [32m ✔ [0m test_summary_caller_report_date_wins
   [32m ✔ [0m test_summary_defaults_report_date_window

construction.tests.test_stage7_bilingual_reports.TestGenuineAuthorization
   [32m ✔ [0m test_non_admin_without_accounts_roles_is_rejected_before_execute

construction.tests.test_stage7_bilingual_reports.TestRealModuleSmoke
   [32m ✔ [0m test_malformed_filters_fail_closed
   [32m ✔ [0m test_non_object_filters_fail_closed
   [32m ✔ [0m test_non_object_native_filters_fail_closed
   [32m ✔ [0m test_object_filters_accepted
   [32m ✔ [0m test_pilot_modules_import_and_expose_execute

construction.tests.test_stage7_bilingual_reports.TestStatementAllowlist
   [32m ✔ [0m test_statement_ar_mode_localizes_account_name
   [32m ✔ [0m test_statement_caller_values_win
   [32m ✔ [0m test_statement_execute_runs_exactly_once
   [32m ✔ [0m test_statement_period_defaults_date_range
   [32m ✔ [0m test_statement_period_defaults_fiscal_year_and_fallback
   [32m ✔ [0m test_statement_reports_in_allowlist


----------------------------------------------------------------------
Ran 25 tests in 1.195s

OK
