============================================================
UOM PHASE 2C ZERO-USAGE SAFETY CHECK (READ-ONLY AUDIT)
Site: v16.localhost
Base commit: 3e871f0
============================================================
Total UOM records on site: 253 (Expected: 253)
Populated Arabic UOM records: 45 (Expected: 45)
  PASS: Baseline state verified: exactly 45 populated, 253 total.

Derived Phase 2C exclusion candidate count: 204 (Expected: 204)
Loaded frozen Phase 2C units from inventory-triage.log: 204
  PASS: Derived 204 Phase 2C units match inventory-triage.log with 100% byte equality.

Enumerated 105 candidate table/column pairs from information_schema.
  PASS: All 26 mandatory audit targets confirmed present in schema.

Querying references across all tables (parameterized IN query)...

Audit complete: scanned 105 table/column pairs.
Total active references found: 0
  PASS: Zero active operational references across entire database (0 hits).

Post-audit verification: total=253, populated=45
  PASS: Database state completely unmodified (0 writes).

============================================================
FINAL VERDICT: PASS — ZERO-USAGE PROVEN, PHASE 2C READY FOR RATIFICATION
============================================================
