UOM_INVENTORY_EXPORT v1 site=v16.localhost
REGISTRY_UOM OK
SCHEMA_FIELDS OK
FIXTURE_JSON app_rows=12 has_arabic_key=no
USAGE items_distinct=5 boq_distinct=4
PHASE1_FROZEN_MATCH yes
PRUNED_BY_OWNER ['Acre', 'Pint (US)']
PRE_STATE arabic_populated=0
FIXTURES_IN_PHASE1 none
DISABLED_IN_USE none
FINDING F1 app_fixture_disabled=12/12 rows=['BAG', 'DAY', 'HR', 'KG', 'LS', 'LTR', 'M', 'M2', 'M3', 'PCS', 'SET', 'TON']
FINDING F2 phase1_visible_in_picker=3/15
FINDING F2 phase1_hidden_in_picker=[('BAG', 0), ('DAY', 0), ('HR', 0), ('KG', 0), ('LS', 0), ('LTR', 0), ('M', 0), ('M2', 0), ('M3', 0), ('PCS', 0), ('SET', 0), ('TON', 0)]
CLASS vendor_fixture count=2
  ROW class=vendor_fixture name='_Test UOM' uom_name='_Test UOM' enabled=1 category=None common_code=None usage=item
  ROW class=vendor_fixture name='_Test UOM 1' uom_name='_Test UOM 1' enabled=1 category=None common_code=None usage=item
CLASS app_fixture count=12
  ROW class=app_fixture name='BAG' uom_name='BAG' enabled=0 category=None common_code=None usage=-
  ROW class=app_fixture name='DAY' uom_name='DAY' enabled=0 category=None common_code=None usage=-
  ROW class=app_fixture name='HR' uom_name='HR' enabled=0 category=None common_code=None usage=-
  ROW class=app_fixture name='KG' uom_name='KG' enabled=0 category=None common_code=None usage=-
  ROW class=app_fixture name='LS' uom_name='LS' enabled=0 category=None common_code=None usage=-
  ROW class=app_fixture name='LTR' uom_name='LTR' enabled=0 category=None common_code=None usage=-
  ROW class=app_fixture name='M' uom_name='M' enabled=0 category=None common_code=None usage=-
  ROW class=app_fixture name='M2' uom_name='M2' enabled=0 category=None common_code=None usage=-
  ROW class=app_fixture name='M3' uom_name='M3' enabled=0 category=None common_code=None usage=-
  ROW class=app_fixture name='PCS' uom_name='PCS' enabled=0 category=None common_code=None usage=-
  ROW class=app_fixture name='SET' uom_name='SET' enabled=0 category=None common_code=None usage=-
  ROW class=app_fixture name='TON' uom_name='TON' enabled=0 category=None common_code=None usage=-
CLASS in_use count=5
  ROW class=in_use name='Acre' uom_name='Acre' enabled=1 category='Area' common_code=None usage=boq
  ROW class=in_use name='Box' uom_name='Box' enabled=1 category=None common_code=None usage=item+boq
  ROW class=in_use name='Nos' uom_name='Nos' enabled=1 category=None common_code=None usage=item+boq
  ROW class=in_use name='Pint (US)' uom_name='Pint (US)' enabled=1 category=None common_code='PT' usage=boq
  ROW class=in_use name='Tonne' uom_name='Tonne' enabled=1 category='Mass' common_code=None usage=item
CLASS disabled count=0
CLASS remainder count=234
  ROW class=remainder name='Abampere' uom_name='Abampere' enabled=1 category='Electric Current' common_code=None usage=-
  ROW class=remainder name='Acre (US)' uom_name='Acre (US)' enabled=1 category='Area' common_code=None usage=-
  ROW class=remainder name='Ampere' uom_name='Ampere' enabled=1 category='Electric Current' common_code=None usage=-
  ROW class=remainder name='Ampere-Hour' uom_name='Ampere-Hour' enabled=1 category='Electrical Charge' common_code=None usage=-
  ROW class=remainder name='Ampere-Minute' uom_name='Ampere-Minute' enabled=1 category='Electrical Charge' common_code=None usage=-
  ROW class=remainder name='Ampere-Second' uom_name='Ampere-Second' enabled=1 category='Electrical Charge' common_code=None usage=-
  ROW class=remainder name='Are' uom_name='Are' enabled=1 category='Area' common_code=None usage=-
  ROW class=remainder name='Area' uom_name='Area' enabled=1 category=None common_code=None usage=-
  ROW class=remainder name='Arshin' uom_name='Arshin' enabled=1 category='Length' common_code=None usage=-
  ROW class=remainder name='Atmosphere' uom_name='Atmosphere' enabled=1 category='Pressure' common_code=None usage=-
  ROW class=remainder name='Bar' uom_name='Bar' enabled=1 category='Pressure' common_code=None usage=-
  ROW class=remainder name='Barleycorn' uom_name='Barleycorn' enabled=1 category='Length' common_code=None usage=-
  ROW class=remainder name='Barrel (Oil)' uom_name='Barrel (Oil)' enabled=1 category='Volume' common_code=None usage=-
  ROW class=remainder name='Barrel(Beer)' uom_name='Barrel(Beer)' enabled=1 category='Volume' common_code=None usage=-
  ROW class=remainder name='Biot' uom_name='Biot' enabled=1 category='Electric Current' common_code=None usage=-
  ROW class=remainder name='Btu (It)' uom_name='Btu (It)' enabled=1 category='Energy' common_code=None usage=-
  ROW class=remainder name='Btu (Mean)' uom_name='Btu (Mean)' enabled=1 category='Energy' common_code=None usage=-
  ROW class=remainder name='Btu (Th)' uom_name='Btu (Th)' enabled=1 category='Energy' common_code=None usage=-
  ROW class=remainder name='Btu/Hour' uom_name='Btu/Hour' enabled=1 category='Power' common_code=None usage=-
  ROW class=remainder name='Btu/Minutes' uom_name='Btu/Minutes' enabled=1 category='Power' common_code=None usage=-
  ROW class=remainder name='Btu/Seconds' uom_name='Btu/Seconds' enabled=1 category='Power' common_code=None usage=-
  ROW class=remainder name='Bushel (UK)' uom_name='Bushel (UK)' enabled=1 category='Volume' common_code=None usage=-
  ROW class=remainder name='Bushel (US Dry Level)' uom_name='Bushel (US Dry Level)' enabled=1 category='Volume' common_code=None usage=-
  ROW class=remainder name='Caballeria' uom_name='Caballeria' enabled=1 category='Area' common_code=None usage=-
  ROW class=remainder name='Cable Length' uom_name='Cable Length' enabled=1 category='Length' common_code=None usage=-
  ROW class=remainder name='Cable Length (UK)' uom_name='Cable Length (UK)' enabled=1 category='Length' common_code=None usage=-
  ROW class=remainder name='Cable Length (US)' uom_name='Cable Length (US)' enabled=1 category='Length' common_code=None usage=-
  ROW class=remainder name='Calibre' uom_name='Calibre' enabled=1 category='Length' common_code=None usage=-
  ROW class=remainder name='Calorie (Food)' uom_name='Calorie (Food)' enabled=1 category='Energy' common_code=None usage=-
  ROW class=remainder name='Calorie (It)' uom_name='Calorie (It)' enabled=1 category='Energy' common_code=None usage=-
  ROW class=remainder name='Calorie (Mean)' uom_name='Calorie (Mean)' enabled=1 category='Energy' common_code=None usage=-
  ROW class=remainder name='Calorie (Th)' uom_name='Calorie (Th)' enabled=1 category='Energy' common_code=None usage=-
  ROW class=remainder name='Calorie/Seconds' uom_name='Calorie/Seconds' enabled=1 category='Power' common_code=None usage=-
  ROW class=remainder name='Carat' uom_name='Carat' enabled=1 category='Mass' common_code=None usage=-
  ROW class=remainder name='Celsius' uom_name='Celsius' enabled=1 category='Temperature' common_code=None usage=-
  ROW class=remainder name='Cental' uom_name='Cental' enabled=1 category='Mass' common_code=None usage=-
  ROW class=remainder name='Centiarea' uom_name='Centiarea' enabled=1 category='Area' common_code=None usage=-
  ROW class=remainder name='Centigram/Litre' uom_name='Centigram/Litre' enabled=1 category='Density' common_code=None usage=-
  ROW class=remainder name='Centilitre' uom_name='Centilitre' enabled=1 category='Volume' common_code=None usage=-
  ROW class=remainder name='Centimeter' uom_name='Centimeter' enabled=1 category='Length' common_code=None usage=-
  ROW class=remainder name='Chain' uom_name='Chain' enabled=1 category='Length' common_code=None usage=-
  ROW class=remainder name='Coulomb' uom_name='Coulomb' enabled=1 category='Electrical Charge' common_code=None usage=-
  ROW class=remainder name='Cubic Centimeter' uom_name='Cubic Centimeter' enabled=1 category='Volume' common_code=None usage=-
  ROW class=remainder name='Cubic Decimeter' uom_name='Cubic Decimeter' enabled=1 category='Volume' common_code=None usage=-
  ROW class=remainder name='Cubic Foot' uom_name='Cubic Foot' enabled=1 category='Volume' common_code=None usage=-
  ROW class=remainder name='Cubic Inch' uom_name='Cubic Inch' enabled=1 category='Volume' common_code=None usage=-
  ROW class=remainder name='Cubic Meter' uom_name='Cubic Meter' enabled=1 category='Volume' common_code=None usage=-
  ROW class=remainder name='Cubic Millimeter' uom_name='Cubic Millimeter' enabled=1 category='Volume' common_code=None usage=-
  ROW class=remainder name='Cubic Yard' uom_name='Cubic Yard' enabled=1 category='Volume' common_code=None usage=-
  ROW class=remainder name='Cup' uom_name='Cup' enabled=1 category='Volume' common_code=None usage=-
  ROW class=remainder name='Cycle/Second' uom_name='Cycle/Second' enabled=1 category='Frequency and Wavelength' common_code=None usage=-
  ROW class=remainder name='Decigram/Litre' uom_name='Decigram/Litre' enabled=1 category='Density' common_code=None usage=-
  ROW class=remainder name='Decilitre' uom_name='Decilitre' enabled=1 category='Volume' common_code=None usage=-
  ROW class=remainder name='Decimeter' uom_name='Decimeter' enabled=1 category='Length' common_code=None usage=-
  ROW class=remainder name='Dekagram/Litre' uom_name='Dekagram/Litre' enabled=1 category='Density' common_code=None usage=-
  ROW class=remainder name='Dram' uom_name='Dram' enabled=1 category='Mass' common_code=None usage=-
  ROW class=remainder name='Dyne' uom_name='Dyne' enabled=1 category='Force' common_code=None usage=-
  ROW class=remainder name='EMU Of Charge' uom_name='EMU Of Charge' enabled=1 category='Electrical Charge' common_code=None usage=-
  ROW class=remainder name='EMU of current' uom_name='EMU of current' enabled=1 category='Electric Current' common_code=None usage=-
  ROW class=remainder name='Ells (UK)' uom_name='Ells (UK)' enabled=1 category='Length' common_code=None usage=-
  ROW class=remainder name='Ems(Pica)' uom_name='Ems(Pica)' enabled=1 category='Length' common_code=None usage=-
  ROW class=remainder name='Erg' uom_name='Erg' enabled=1 category='Energy' common_code=None usage=-
  ROW class=remainder name='Fahrenheit' uom_name='Fahrenheit' enabled=1 category='Temperature' common_code=None usage=-
  ROW class=remainder name='Faraday' uom_name='Faraday' enabled=1 category='Electrical Charge' common_code=None usage=-
  ROW class=remainder name='Fathom' uom_name='Fathom' enabled=1 category='Length' common_code=None usage=-
  ROW class=remainder name='Fluid Ounce (UK)' uom_name='Fluid Ounce (UK)' enabled=1 category='Volume' common_code=None usage=-
  ROW class=remainder name='Fluid Ounce (US)' uom_name='Fluid Ounce (US)' enabled=1 category='Volume' common_code=None usage=-
  ROW class=remainder name='Foot' uom_name='Foot' enabled=1 category='Length' common_code=None usage=-
  ROW class=remainder name='Foot Of Water' uom_name='Foot Of Water' enabled=1 category='Pressure' common_code=None usage=-
  ROW class=remainder name='Foot/Minute' uom_name='Foot/Minute' enabled=1 category='Speed' common_code=None usage=-
  ROW class=remainder name='Foot/Second' uom_name='Foot/Second' enabled=1 category='Speed' common_code=None usage=-
  ROW class=remainder name='Furlong' uom_name='Furlong' enabled=1 category='Length' common_code=None usage=-
  ROW class=remainder name='Gallon (UK)' uom_name='Gallon (UK)' enabled=1 category='Volume' common_code=None usage=-
  ROW class=remainder name='Gallon Dry (US)' uom_name='Gallon Dry (US)' enabled=1 category='Volume' common_code=None usage=-
  ROW class=remainder name='Gallon Liquid (US)' uom_name='Gallon Liquid (US)' enabled=1 category='Volume' common_code=None usage=-
  ROW class=remainder name='Gamma' uom_name='Gamma' enabled=1 category='Magnetic Induction' common_code=None usage=-
  ROW class=remainder name='Gauss' uom_name='Gauss' enabled=1 category='Magnetic Induction' common_code=None usage=-
  ROW class=remainder name='Grain' uom_name='Grain' enabled=1 category='Mass' common_code=None usage=-
  ROW class=remainder name='Grain/Cubic Foot' uom_name='Grain/Cubic Foot' enabled=1 category='Density' common_code=None usage=-
  ROW class=remainder name='Grain/Gallon (UK)' uom_name='Grain/Gallon (UK)' enabled=1 category='Density' common_code=None usage=-
  ROW class=remainder name='Grain/Gallon (US)' uom_name='Grain/Gallon (US)' enabled=1 category='Density' common_code=None usage=-
  ROW class=remainder name='Gram' uom_name='Gram' enabled=1 category='Mass' common_code=None usage=-
  ROW class=remainder name='Gram-Force' uom_name='Gram-Force' enabled=1 category='Force' common_code=None usage=-
  ROW class=remainder name='Gram/Cubic Centimeter' uom_name='Gram/Cubic Centimeter' enabled=1 category='Density' common_code=None usage=-
  ROW class=remainder name='Gram/Cubic Meter' uom_name='Gram/Cubic Meter' enabled=1 category='Density' common_code=None usage=-
  ROW class=remainder name='Gram/Cubic Millimeter' uom_name='Gram/Cubic Millimeter' enabled=1 category='Density' common_code=None usage=-
  ROW class=remainder name='Gram/Litre' uom_name='Gram/Litre' enabled=1 category='Density' common_code=None usage=-
  ROW class=remainder name='Hand' uom_name='Hand' enabled=1 category='Length' common_code=None usage=-
  ROW class=remainder name='Hectare' uom_name='Hectare' enabled=1 category='Area' common_code=None usage=-
  ROW class=remainder name='Hectogram/Litre' uom_name='Hectogram/Litre' enabled=1 category='Density' common_code=None usage=-
  ROW class=remainder name='Hectometer' uom_name='Hectometer' enabled=1 category='Length' common_code=None usage=-
  ROW class=remainder name='Hectopascal' uom_name='Hectopascal' enabled=1 category='Pressure' common_code=None usage=-
  ROW class=remainder name='Hertz' uom_name='Hertz' enabled=1 category='Frequency and Wavelength' common_code=None usage=-
  ROW class=remainder name='Horsepower' uom_name='Horsepower' enabled=1 category='Power' common_code=None usage=-
  ROW class=remainder name='Horsepower-Hours' uom_name='Horsepower-Hours' enabled=1 category='Energy' common_code=None usage=-
  ROW class=remainder name='Hour' uom_name='Hour' enabled=1 category='Time' common_code=None usage=-
  ROW class=remainder name='Hundredweight (UK)' uom_name='Hundredweight (UK)' enabled=1 category='Mass' common_code=None usage=-
  ROW class=remainder name='Hundredweight (US)' uom_name='Hundredweight (US)' enabled=1 category='Mass' common_code=None usage=-
  ROW class=remainder name='Iches Of Water' uom_name='Iches Of Water' enabled=1 category='Pressure' common_code=None usage=-
  ROW class=remainder name='Inch' uom_name='Inch' enabled=1 category='Length' common_code=None usage=-
  ROW class=remainder name='Inch Pound-Force' uom_name='Inch Pound-Force' enabled=1 category='Energy' common_code=None usage=-
  ROW class=remainder name='Inch/Minute' uom_name='Inch/Minute' enabled=1 category='Speed' common_code=None usage=-
  ROW class=remainder name='Inch/Second' uom_name='Inch/Second' enabled=1 category='Speed' common_code=None usage=-
  ROW class=remainder name='Inches Of Mercury' uom_name='Inches Of Mercury' enabled=1 category='Pressure' common_code=None usage=-
  ROW class=remainder name='Joule' uom_name='Joule' enabled=1 category='Energy' common_code=None usage=-
  ROW class=remainder name='Joule/Meter' uom_name='Joule/Meter' enabled=1 category='Force' common_code=None usage=-
  ROW class=remainder name='Kelvin' uom_name='Kelvin' enabled=1 category='Temperature' common_code=None usage=-
  ROW class=remainder name='Kiloampere' uom_name='Kiloampere' enabled=1 category='Electric Current' common_code=None usage=-
  ROW class=remainder name='Kilocalorie' uom_name='Kilocalorie' enabled=1 category='Energy' common_code=None usage=-
  ROW class=remainder name='Kilocoulomb' uom_name='Kilocoulomb' enabled=1 category='Electrical Charge' common_code=None usage=-
  ROW class=remainder name='Kilogram-Force' uom_name='Kilogram-Force' enabled=1 category='Force' common_code=None usage=-
  ROW class=remainder name='Kilogram/Cubic Centimeter' uom_name='Kilogram/Cubic Centimeter' enabled=1 category='Density' common_code=None usage=-
  ROW class=remainder name='Kilogram/Cubic Meter' uom_name='Kilogram/Cubic Meter' enabled=1 category='Density' common_code=None usage=-
  ROW class=remainder name='Kilogram/Litre' uom_name='Kilogram/Litre' enabled=1 category='Density' common_code=None usage=-
  ROW class=remainder name='Kilohertz' uom_name='Kilohertz' enabled=1 category='Frequency and Wavelength' common_code=None usage=-
  ROW class=remainder name='Kilojoule' uom_name='Kilojoule' enabled=1 category='Energy' common_code=None usage=-
  ROW class=remainder name='Kilometer' uom_name='Kilometer' enabled=1 category='Length' common_code=None usage=-
  ROW class=remainder name='Kilometer/Hour' uom_name='Kilometer/Hour' enabled=1 category='Speed' common_code=None usage=-
  ROW class=remainder name='Kilopascal' uom_name='Kilopascal' enabled=1 category='Pressure' common_code=None usage=-
  ROW class=remainder name='Kilopond' uom_name='Kilopond' enabled=1 category='Force' common_code=None usage=-
  ROW class=remainder name='Kilopound-Force' uom_name='Kilopound-Force' enabled=1 category='Force' common_code=None usage=-
  ROW class=remainder name='Kilowatt' uom_name='Kilowatt' enabled=1 category='Power' common_code=None usage=-
  ROW class=remainder name='Kilowatt-Hour' uom_name='Kilowatt-Hour' enabled=1 category='Energy' common_code=None usage=-
  ROW class=remainder name='Kip' uom_name='Kip' enabled=1 category='Mass' common_code=None usage=-
  ROW class=remainder name='Knot' uom_name='Knot' enabled=1 category='Speed' common_code=None usage=-
  ROW class=remainder name='Link' uom_name='Link' enabled=1 category='Length' common_code=None usage=-
  ROW class=remainder name='Litre' uom_name='Litre' enabled=1 category='Volume' common_code=None usage=-
  ROW class=remainder name='Litre-Atmosphere' uom_name='Litre-Atmosphere' enabled=1 category='Energy' common_code=None usage=-
  ROW class=remainder name='Manzana' uom_name='Manzana' enabled=1 category=None common_code=None usage=-
  ROW class=remainder name='Medio Metro' uom_name='Medio Metro' enabled=1 category=None common_code=None usage=-
  ROW class=remainder name='Megacoulomb' uom_name='Megacoulomb' enabled=1 category='Electrical Charge' common_code=None usage=-
  ROW class=remainder name='Megagram/Litre' uom_name='Megagram/Litre' enabled=1 category='Density' common_code=None usage=-
  ROW class=remainder name='Megahertz' uom_name='Megahertz' enabled=1 category='Frequency and Wavelength' common_code=None usage=-
  ROW class=remainder name='Megajoule' uom_name='Megajoule' enabled=1 category='Energy' common_code=None usage=-
  ROW class=remainder name='Megawatt' uom_name='Megawatt' enabled=1 category='Power' common_code=None usage=-
  ROW class=remainder name='Meter' uom_name='Meter' enabled=1 category='Length' common_code=None usage=-
  ROW class=remainder name='Meter Of Water' uom_name='Meter Of Water' enabled=1 category='Pressure' common_code=None usage=-
  ROW class=remainder name='Meter/Second' uom_name='Meter/Second' enabled=1 category='Speed' common_code=None usage=-
  ROW class=remainder name='Microbar' uom_name='Microbar' enabled=1 category='Pressure' common_code=None usage=-
  ROW class=remainder name='Microgram' uom_name='Microgram' enabled=1 category='Mass' common_code=None usage=-
  ROW class=remainder name='Microgram/Litre' uom_name='Microgram/Litre' enabled=1 category='Density' common_code=None usage=-
  ROW class=remainder name='Micrometer' uom_name='Micrometer' enabled=1 category='Length' common_code=None usage=-
  ROW class=remainder name='Microsecond' uom_name='Microsecond' enabled=1 category='Time' common_code=None usage=-
  ROW class=remainder name='Mile' uom_name='Mile' enabled=1 category='Length' common_code=None usage=-
  ROW class=remainder name='Mile (Nautical)' uom_name='Mile (Nautical)' enabled=1 category='Length' common_code=None usage=-
  ROW class=remainder name='Mile/Hour' uom_name='Mile/Hour' enabled=1 category='Speed' common_code=None usage=-
  ROW class=remainder name='Mile/Minute' uom_name='Mile/Minute' enabled=1 category='Speed' common_code=None usage=-
  ROW class=remainder name='Mile/Second' uom_name='Mile/Second' enabled=1 category='Speed' common_code=None usage=-
  ROW class=remainder name='Milibar' uom_name='Milibar' enabled=1 category='Pressure' common_code=None usage=-
  ROW class=remainder name='Milliampere' uom_name='Milliampere' enabled=1 category='Electric Current' common_code=None usage=-
  ROW class=remainder name='Millicoulomb' uom_name='Millicoulomb' enabled=1 category='Electrical Charge' common_code=None usage=-
  ROW class=remainder name='Milligram' uom_name='Milligram' enabled=1 category='Mass' common_code=None usage=-
  ROW class=remainder name='Milligram/Cubic Centimeter' uom_name='Milligram/Cubic Centimeter' enabled=1 category='Density' common_code=None usage=-
  ROW class=remainder name='Milligram/Cubic Meter' uom_name='Milligram/Cubic Meter' enabled=1 category='Density' common_code=None usage=-
  ROW class=remainder name='Milligram/Cubic Millimeter' uom_name='Milligram/Cubic Millimeter' enabled=1 category='Density' common_code=None usage=-
  ROW class=remainder name='Milligram/Litre' uom_name='Milligram/Litre' enabled=1 category='Density' common_code=None usage=-
  ROW class=remainder name='Millihertz' uom_name='Millihertz' enabled=1 category='Frequency and Wavelength' common_code=None usage=-
  ROW class=remainder name='Millilitre' uom_name='Millilitre' enabled=1 category='Volume' common_code=None usage=-
  ROW class=remainder name='Millimeter' uom_name='Millimeter' enabled=1 category='Length' common_code=None usage=-
  ROW class=remainder name='Millimeter Of Mercury' uom_name='Millimeter Of Mercury' enabled=1 category='Pressure' common_code=None usage=-
  ROW class=remainder name='Millimeter Of Water' uom_name='Millimeter Of Water' enabled=1 category='Pressure' common_code=None usage=-
  ROW class=remainder name='Millisecond' uom_name='Millisecond' enabled=1 category='Time' common_code=None usage=-
  ROW class=remainder name='Minute' uom_name='Minute' enabled=1 category='Time' common_code=None usage=-
  ROW class=remainder name='Nanocoulomb' uom_name='Nanocoulomb' enabled=1 category='Electrical Charge' common_code=None usage=-
  ROW class=remainder name='Nanogram/Litre' uom_name='Nanogram/Litre' enabled=1 category='Density' common_code=None usage=-
  ROW class=remainder name='Nanohertz' uom_name='Nanohertz' enabled=1 category='Frequency and Wavelength' common_code=None usage=-
  ROW class=remainder name='Nanometer' uom_name='Nanometer' enabled=1 category='Length' common_code=None usage=-
  ROW class=remainder name='Nanosecond' uom_name='Nanosecond' enabled=1 category='Time' common_code=None usage=-
  ROW class=remainder name='Newton' uom_name='Newton' enabled=1 category='Force' common_code=None usage=-
  ROW class=remainder name='Ounce' uom_name='Ounce' enabled=1 category='Mass' common_code=None usage=-
  ROW class=remainder name='Ounce-Force' uom_name='Ounce-Force' enabled=1 category='Force' common_code=None usage=-
  ROW class=remainder name='Ounce/Cubic Foot' uom_name='Ounce/Cubic Foot' enabled=1 category='Density' common_code=None usage=-
  ROW class=remainder name='Ounce/Cubic Inch' uom_name='Ounce/Cubic Inch' enabled=1 category='Density' common_code=None usage=-
  ROW class=remainder name='Ounce/Gallon (UK)' uom_name='Ounce/Gallon (UK)' enabled=1 category='Density' common_code=None usage=-
  ROW class=remainder name='Ounce/Gallon (US)' uom_name='Ounce/Gallon (US)' enabled=1 category='Density' common_code=None usage=-
  ROW class=remainder name='Pair' uom_name='Pair' enabled=1 category=None common_code=None usage=-
  ROW class=remainder name='Parts Per Million' uom_name='Parts Per Million' enabled=1 category='Agriculture' common_code=None usage=-
  ROW class=remainder name='Pascal' uom_name='Pascal' enabled=1 category='Pressure' common_code=None usage=-
  ROW class=remainder name='Peck' uom_name='Peck' enabled=1 category=None common_code=None usage=-
  ROW class=remainder name='Peck (UK)' uom_name='Peck (UK)' enabled=1 category=None common_code='L43' usage=-
  ROW class=remainder name='Peck (US)' uom_name='Peck (US)' enabled=1 category=None common_code='G23' usage=-
  ROW class=remainder name='Percent' uom_name='Percent' enabled=1 category='Agriculture' common_code=None usage=-
  ROW class=remainder name='Pint (UK)' uom_name='Pint (UK)' enabled=1 category='Volume' common_code=None usage=-
  ROW class=remainder name='Pint, Dry (US)' uom_name='Pint, Dry (US)' enabled=1 category='Volume' common_code=None usage=-
  ROW class=remainder name='Pint, Liquid (US)' uom_name='Pint, Liquid (US)' enabled=1 category='Volume' common_code=None usage=-
  ROW class=remainder name='Pond' uom_name='Pond' enabled=1 category='Force' common_code=None usage=-
  ROW class=remainder name='Pood' uom_name='Pood' enabled=1 category='Mass' common_code=None usage=-
  ROW class=remainder name='Pound' uom_name='Pound' enabled=1 category='Mass' common_code=None usage=-
  ROW class=remainder name='Pound-Force' uom_name='Pound-Force' enabled=1 category='Force' common_code=None usage=-
  ROW class=remainder name='Pound/Cubic Foot' uom_name='Pound/Cubic Foot' enabled=1 category='Density' common_code=None usage=-
  ROW class=remainder name='Pound/Cubic Inch' uom_name='Pound/Cubic Inch' enabled=1 category='Density' common_code=None usage=-
  ROW class=remainder name='Pound/Cubic Yard' uom_name='Pound/Cubic Yard' enabled=1 category='Density' common_code=None usage=-
  ROW class=remainder name='Pound/Gallon (UK)' uom_name='Pound/Gallon (UK)' enabled=1 category='Density' common_code=None usage=-
  ROW class=remainder name='Pound/Gallon (US)' uom_name='Pound/Gallon (US)' enabled=1 category='Density' common_code=None usage=-
  ROW class=remainder name='Poundal' uom_name='Poundal' enabled=1 category='Force' common_code=None usage=-
  ROW class=remainder name='Psi/1000 Feet' uom_name='Psi/1000 Feet' enabled=1 category='Density' common_code=None usage=-
  ROW class=remainder name='Quart (UK)' uom_name='Quart (UK)' enabled=1 category='Volume' common_code=None usage=-
  ROW class=remainder name='Quart Dry (US)' uom_name='Quart Dry (US)' enabled=1 category='Volume' common_code=None usage=-
  ROW class=remainder name='Quart Liquid (US)' uom_name='Quart Liquid (US)' enabled=1 category='Volume' common_code=None usage=-
  ROW class=remainder name='Quintal' uom_name='Quintal' enabled=1 category='Mass' common_code=None usage=-
  ROW class=remainder name='Rod' uom_name='Rod' enabled=1 category='Length' common_code=None usage=-
  ROW class=remainder name='Sazhen' uom_name='Sazhen' enabled=1 category='Length' common_code=None usage=-
  ROW class=remainder name='Second' uom_name='Second' enabled=1 category='Time' common_code=None usage=-
  ROW class=remainder name='Slug' uom_name='Slug' enabled=1 category='Mass' common_code=None usage=-
  ROW class=remainder name='Slug/Cubic Foot' uom_name='Slug/Cubic Foot' enabled=1 category='Density' common_code=None usage=-
  ROW class=remainder name='Square Centimeter' uom_name='Square Centimeter' enabled=1 category='Area' common_code=None usage=-
  ROW class=remainder name='Square Foot' uom_name='Square Foot' enabled=1 category='Area' common_code=None usage=-
  ROW class=remainder name='Square Inch' uom_name='Square Inch' enabled=1 category='Area' common_code=None usage=-
  ROW class=remainder name='Square Kilometer' uom_name='Square Kilometer' enabled=1 category='Area' common_code=None usage=-
  ROW class=remainder name='Square Meter' uom_name='Square Meter' enabled=1 category='Area' common_code=None usage=-
  ROW class=remainder name='Square Mile' uom_name='Square Mile' enabled=1 category='Area' common_code=None usage=-
  ROW class=remainder name='Square Yard' uom_name='Square Yard' enabled=1 category='Area' common_code=None usage=-
  ROW class=remainder name='Stone' uom_name='Stone' enabled=1 category='Mass' common_code=None usage=-
  ROW class=remainder name='Tablespoon (US)' uom_name='Tablespoon (US)' enabled=1 category='Volume' common_code=None usage=-
  ROW class=remainder name='Teaspoon' uom_name='Teaspoon' enabled=1 category='Volume' common_code=None usage=-
  ROW class=remainder name='Technical Atmosphere' uom_name='Technical Atmosphere' enabled=1 category='Pressure' common_code=None usage=-
  ROW class=remainder name='Tesla' uom_name='Tesla' enabled=1 category='Magnetic Induction' common_code=None usage=-
  ROW class=remainder name='Ton (Long)/Cubic Yard' uom_name='Ton (Long)/Cubic Yard' enabled=1 category='Density' common_code=None usage=-
  ROW class=remainder name='Ton (Short)/Cubic Yard' uom_name='Ton (Short)/Cubic Yard' enabled=1 category='Density' common_code=None usage=-
  ROW class=remainder name='Ton-Force (UK)' uom_name='Ton-Force (UK)' enabled=1 category='Force' common_code=None usage=-
  ROW class=remainder name='Ton-Force (US)' uom_name='Ton-Force (US)' enabled=1 category='Force' common_code=None usage=-
  ROW class=remainder name='Tonne-Force(Metric)' uom_name='Tonne-Force(Metric)' enabled=1 category='Force' common_code=None usage=-
  ROW class=remainder name='Torr' uom_name='Torr' enabled=1 category='Pressure' common_code=None usage=-
  ROW class=remainder name='Unit' uom_name='Unit' enabled=1 category=None common_code=None usage=-
  ROW class=remainder name='Vara' uom_name='Vara' enabled=1 category='Length' common_code=None usage=-
  ROW class=remainder name='Versta' uom_name='Versta' enabled=1 category='Length' common_code=None usage=-
  ROW class=remainder name='Volt-Ampere' uom_name='Volt-Ampere' enabled=1 category='Power' common_code=None usage=-
  ROW class=remainder name='Watt' uom_name='Watt' enabled=1 category='Power' common_code=None usage=-
  ROW class=remainder name='Watt-Hour' uom_name='Watt-Hour' enabled=1 category='Energy' common_code=None usage=-
  ROW class=remainder name='Wavelength In Gigametres' uom_name='Wavelength In Gigametres' enabled=1 category='Frequency and Wavelength' common_code=None usage=-
  ROW class=remainder name='Wavelength In Kilometres' uom_name='Wavelength In Kilometres' enabled=1 category='Frequency and Wavelength' common_code=None usage=-
  ROW class=remainder name='Wavelength In Megametres' uom_name='Wavelength In Megametres' enabled=1 category='Frequency and Wavelength' common_code=None usage=-
  ROW class=remainder name='Week' uom_name='Week' enabled=1 category='Time' common_code=None usage=-
  ROW class=remainder name='Yard' uom_name='Yard' enabled=1 category='Length' common_code=None usage=-
SUMMARY {"app_fixture": 12, "disabled": 0, "in_use": 5, "phase1": 15, "remainder": 234, "total": 253, "vendor_fixture": 2}
INVENTORY RESULT: PASS (R1 rule-derived Phase-1 matches frozen 15-row allowlist; pre-state empty; F4 owner prune applied; F1/F2 findings reported; no in_use row disabled)
