CUTOVER ORCHESTRATOR site=v16.localhost phase=rehearsal utc=2026-10-05T22:32:57Z
Invariants: no database write; production_mutation_authorized is never set by this program; fail-closed on every gate.

[PASS] P1 site: site present; db_name configured=yes; production_mutation_authorized=None (gate closed)

--- P2 take backup (T-24h step)
$ /home/mohamed/.local/bin/bench --site v16.localhost backup --with-files --compress
Backup Summary for v16.localhost at 2026-10-06 04:03:28.252769
Config  : /home/mohamed/frappe-bench/sites/v16.localhost/private/backups/20261006_040258-v16_localhost-site_config_backup.json 303.0B
Database: /home/mohamed/frappe-bench/sites/v16.localhost/private/backups/20261006_040258-v16_localhost-database.sql.gz 68.2MiB
Public  : /home/mohamed/frappe-bench/sites/v16.localhost/private/backups/20261006_040258-v16_localhost-files.tgz 171.9KiB
Private : /home/mohamed/frappe-bench/sites/v16.localhost/private/backups/20261006_040258-v16_localhost-private-files.tgz 1.1MiB
Backup for Site v16.localhost has been successfully completed with files
rc=0
[PASS] P2 backup: 20261006_040258-v16_localhost-database.sql.gz (68.2 MiB, 0 min old, gzip stream verified end-to-end)
[PASS] P3 disk: 2.39 GiB free
[PASS] P4 redis: queue:11000 and cache:13000 answer PING
[PASS] P5 schema: connection OK (site db name redacted); arabic+norm columns and utf8mb4 on all 15 cutover tables; Account rows=2102

--- P6a maintenance mode ON (demonstration)
$ /home/mohamed/.local/bin/bench --site v16.localhost set-maintenance-mode on
rc=0

--- P6b maintenance mode OFF (restored immediately)
$ /home/mohamed/.local/bin/bench --site v16.localhost set-maintenance-mode off
rc=0
[PASS] P6 maintenance: toggled 0 -> 1 -> 0 with `bench set-maintenance-mode`; site left serving
(auto-confirmed) Run the migration dry-run rehearsal (read-only, zero writes)? -> yes

--- D1 migration runner --dry-run
$ /home/mohamed/frappe-bench/env/bin/python /home/mohamed/frappe-bench/apps/construction/docs/ai/work-items/production-migration-readiness/evidence/scripts/run_production_bilingual_migration.py --site v16.localhost --dry-run --allow-sites v16.localhost
PREFLIGHT site=v16.localhost gate=allowlist production_mutation_authorized=False
PREFLIGHT registry: 15 doctypes, arabic+norm fields present
PREFLIGHT values: rows=188 sha256=7390a0c87f8ebab1…
PREFLIGHT schema: arabic+norm columns present, utf8mb4 on all 15 tables
PREFLIGHT hooks: enforce_*_policy bound on all 15 doctypes (Account=governed)
PREFLIGHT backup: 20261006_040258-v16_localhost-database.sql.gz (0 min old)
PREFLIGHT redis: queue:11000, cache:13000
CLASSIFY {"ABSENT": 0, "ALREADY_APPLIED": 188, "CONFLICT": 0, "WOULD_WRITE": 0}
  Company: would_write=0 already_applied=1
  Account: would_write=0 already_applied=81
  Cost Center: would_write=0 already_applied=3
  Warehouse: would_write=0 already_applied=5
  Project: would_write=0 already_applied=5
  Item Group: would_write=0 already_applied=6
  Customer Group: would_write=0 already_applied=5
  Supplier Group: would_write=0 already_applied=8
  Territory: would_write=0 already_applied=4
  Department: would_write=0 already_applied=14
  Task: would_write=0 already_applied=1
  UOM: would_write=0 already_applied=45
  Item: would_write=0 already_applied=8
  Customer: would_write=0 already_applied=1
  Terms and Conditions: would_write=0 already_applied=1
RESULT: PASS dry-run, 0 writes, 0 would_write, 188 already_applied (0.7s)
rc=0
[PASS] D1 dry-run: rc=0, 0 writes, 0 conflicts, 0 absent; {"ABSENT": 0, "ALREADY_APPLIED": 188, "CONFLICT": 0, "WOULD_WRITE": 0}

--- D2 post-migration verifier
$ /home/mohamed/frappe-bench/env/bin/python /home/mohamed/frappe-bench/apps/construction/docs/ai/work-items/production-migration-readiness/evidence/scripts/verify_production_bilingual_migration.py --site v16.localhost
  FAIL: Project: populated-arabic 6 != approved 5
  FAIL: total populated-arabic 190 != 189 (188 approved + 1 fixture)
  ok: V2 values byte-equal to approval; all 189 norms (188 approved + fixture) server-derived and correct
  skip: V3 (no --pre snapshot)
  ok: V4 Company: tree valid (21 rows, 16 root(s))
  ok: V4 Account: tree valid (2102 rows, 105 root(s))
  ok: V4 Cost Center: tree valid (47 rows, 21 root(s))
  ok: V4 Warehouse: tree valid (118 rows, 32 root(s))
  ok: V4 Item Group: tree valid (19 rows, 1 root(s))
  ok: V4 Customer Group: tree valid (7 rows, 1 root(s))
  ok: V4 Supplier Group: tree valid (9 rows, 1 root(s))
  ok: V4 Territory: tree valid (9 rows, 1 root(s))
  ok: V4 Department: tree valid (276 rows, 1 root(s))
  ok: V4 Task: tree valid (4 rows, 2 root(s))
  ok: V5 probes: 32 queries, p50=1.1ms max=32.2ms
VERIFY RESULT: FAIL (2 failed checks)
rc=1
[FAIL] D2 post-migration verifier: exit 1, expected 0

======================================================================
CUTOVER ORCHESTRATOR SUMMARY
  [PASS] P1 site: site present; db_name configured=yes; production_mutation_authorized=None (gate closed)
  [PASS] P2 backup: 20261006_040258-v16_localhost-database.sql.gz (68.2 MiB, 0 min old, gzip stream verified end-to-end)
  [PASS] P3 disk: 2.39 GiB free
  [PASS] P4 redis: queue:11000 and cache:13000 answer PING
  [PASS] P5 schema: connection OK (site db name redacted); arabic+norm columns and utf8mb4 on all 15 cutover tables; Account rows=2102
  [PASS] P6 maintenance: toggled 0 -> 1 -> 0 with `bench set-maintenance-mode`; site left serving
  [PASS] D1 dry-run: rc=0, 0 writes, 0 conflicts, 0 absent; {"ABSENT": 0, "ALREADY_APPLIED": 188, "CONFLICT": 0, "WOULD_WRITE": 0}
  [FAIL] D2 post-migration verifier: exit 1, expected 0
RESULT: FAIL
